{
  "version": "1.5.0",
  "plugins_used": [
    { "name": "ArtifactoryDetector" },
    { "name": "AWSKeyDetector" },
    { "name": "AzureStorageKeyDetector" },
    { "name": "Base64HighEntropyString", "limit": 4.5 },
    { "name": "BasicAuthDetector" },
    { "name": "CloudantDetector" },
    { "name": "DiscordBotTokenDetector" },
    { "name": "GitHubTokenDetector" },
    { "name": "GitLabTokenDetector" },
    { "name": "HexHighEntropyString", "limit": 3.0 },
    { "name": "IbmCloudIamDetector" },
    { "name": "IbmCosHmacDetector" },
    { "name": "IPPublicDetector" },
    { "name": "JwtTokenDetector" },
    { "name": "KeywordDetector", "keyword_exclude": "" },
    { "name": "MailchimpDetector" },
    { "name": "NpmDetector" },
    { "name": "OpenAIDetector" },
    { "name": "PrivateKeyDetector" },
    { "name": "PypiTokenDetector" },
    { "name": "SendGridDetector" },
    { "name": "SlackDetector" },
    { "name": "SoftlayerDetector" },
    { "name": "SquareOAuthDetector" },
    { "name": "StripeDetector" },
    { "name": "TelegramBotTokenDetector" },
    { "name": "TwilioKeyDetector" }
  ],
  "filters_used": [
    { "path": "detect_secrets.filters.allowlist.is_line_allowlisted" },
    {
      "path": "detect_secrets.filters.common.is_ignored_due_to_verification_policies",
      "min_level": 2
    },
    { "path": "detect_secrets.filters.heuristic.is_indirect_reference" },
    { "path": "detect_secrets.filters.heuristic.is_likely_id_string" },
    { "path": "detect_secrets.filters.heuristic.is_lock_file" },
    { "path": "detect_secrets.filters.heuristic.is_not_alphanumeric_string" },
    { "path": "detect_secrets.filters.heuristic.is_potential_uuid" },
    { "path": "detect_secrets.filters.heuristic.is_prefixed_with_dollar_sign" },
    { "path": "detect_secrets.filters.heuristic.is_sequential_string" },
    { "path": "detect_secrets.filters.heuristic.is_swagger_file" },
    { "path": "detect_secrets.filters.heuristic.is_templated_secret" }
  ],
  "results": {
    "backend/alembic/versions/2d7747d9f5b1_add_orders_and_order_items.py": [
      {
        "type": "Hex High Entropy String",
        "filename": "backend/alembic/versions/2d7747d9f5b1_add_orders_and_order_items.py",
        "hashed_secret": "413ec362e420e4a8d301af23b5845bca05274ac2",
        "is_secret": false,
        "is_verified": false,
        "line_number": 15
      }
    ],
    "backend/alembic/versions/694f7189fe51_add_menu_and_menu_items.py": [
      {
        "type": "Hex High Entropy String",
        "filename": "backend/alembic/versions/694f7189fe51_add_menu_and_menu_items.py",
        "hashed_secret": "7ec134c346056cd11beec31ee969f235b81bb644",
        "is_secret": false,
        "is_verified": false,
        "line_number": 15
      }
    ],
    "docs/milestone7/benchmarks/baseline.json": [
      {
        "type": "Hex High Entropy String",
        "filename": "docs/milestone7/benchmarks/baseline.json",
        "hashed_secret": "124a690bd78f119bb6550784599d4cfa468bd829",
        "is_verified": false,
        "line_number": 23,
        "is_secret": false
      },
      {
        "type": "Hex High Entropy String",
        "filename": "docs/milestone7/benchmarks/baseline.json",
        "hashed_secret": "7f5d1f49221c628bda58e7fa6bc226d54b7345da",
        "is_verified": false,
        "line_number": 43,
        "is_secret": false
      }
    ],
    "docs/milestone7/benchmarks/cold.json": [
      {
        "type": "Hex High Entropy String",
        "filename": "docs/milestone7/benchmarks/cold.json",
        "hashed_secret": "943601ba5d386dcfbd7b716441a28f83cb8d3985",
        "is_verified": false,
        "line_number": 24,
        "is_secret": false
      },
      {
        "type": "Hex High Entropy String",
        "filename": "docs/milestone7/benchmarks/cold.json",
        "hashed_secret": "0afb2dfa6d383efccd86474907e0a0950003ddef",
        "is_verified": false,
        "line_number": 45,
        "is_secret": false
      }
    ],
    "docs/milestone7/benchmarks/current-control.json": [
      {
        "type": "Hex High Entropy String",
        "filename": "docs/milestone7/benchmarks/current-control.json",
        "hashed_secret": "84a02ada7c295aa17785bf282a84f0b7836c3554",
        "is_verified": false,
        "line_number": 24,
        "is_secret": false
      },
      {
        "type": "Hex High Entropy String",
        "filename": "docs/milestone7/benchmarks/current-control.json",
        "hashed_secret": "0afb2dfa6d383efccd86474907e0a0950003ddef",
        "is_verified": false,
        "line_number": 45,
        "is_secret": false
      }
    ],
    "docs/milestone7/benchmarks/dashboard-freshness.json": [
      {
        "type": "Hex High Entropy String",
        "filename": "docs/milestone7/benchmarks/dashboard-freshness.json",
        "hashed_secret": "0afb2dfa6d383efccd86474907e0a0950003ddef",
        "is_verified": false,
        "line_number": 5,
        "is_secret": false
      },
      {
        "type": "Hex High Entropy String",
        "filename": "docs/milestone7/benchmarks/dashboard-freshness.json",
        "hashed_secret": "b637693d7e95b97426d44f4072db3b93f79a8779",
        "is_verified": false,
        "line_number": 6,
        "is_secret": false
      },
      {
        "type": "Hex High Entropy String",
        "filename": "docs/milestone7/benchmarks/dashboard-freshness.json",
        "hashed_secret": "84a02ada7c295aa17785bf282a84f0b7836c3554",
        "is_verified": false,
        "line_number": 7,
        "is_secret": false
      },
      {
        "type": "Hex High Entropy String",
        "filename": "docs/milestone7/benchmarks/dashboard-freshness.json",
        "hashed_secret": "4f5c0bff6475c46fee9e3af869d01ae968996f1d",
        "is_verified": false,
        "line_number": 8,
        "is_secret": false
      }
    ],
    "docs/milestone7/benchmarks/dashboard-live.json": [
      {
        "type": "Hex High Entropy String",
        "filename": "docs/milestone7/benchmarks/dashboard-live.json",
        "hashed_secret": "84a02ada7c295aa17785bf282a84f0b7836c3554",
        "is_verified": false,
        "line_number": 21,
        "is_secret": false
      },
      {
        "type": "Hex High Entropy String",
        "filename": "docs/milestone7/benchmarks/dashboard-live.json",
        "hashed_secret": "4f5c0bff6475c46fee9e3af869d01ae968996f1d",
        "is_verified": false,
        "line_number": 29,
        "is_secret": false
      },
      {
        "type": "Hex High Entropy String",
        "filename": "docs/milestone7/benchmarks/dashboard-live.json",
        "hashed_secret": "0afb2dfa6d383efccd86474907e0a0950003ddef",
        "is_verified": false,
        "line_number": 52,
        "is_secret": false
      }
    ],
    "docs/milestone7/benchmarks/dashboard-prototype.json": [
      {
        "type": "Hex High Entropy String",
        "filename": "docs/milestone7/benchmarks/dashboard-prototype.json",
        "hashed_secret": "84a02ada7c295aa17785bf282a84f0b7836c3554",
        "is_verified": false,
        "line_number": 21,
        "is_secret": false
      },
      {
        "type": "Hex High Entropy String",
        "filename": "docs/milestone7/benchmarks/dashboard-prototype.json",
        "hashed_secret": "4f5c0bff6475c46fee9e3af869d01ae968996f1d",
        "is_verified": false,
        "line_number": 29,
        "is_secret": false
      },
      {
        "type": "Hex High Entropy String",
        "filename": "docs/milestone7/benchmarks/dashboard-prototype.json",
        "hashed_secret": "0afb2dfa6d383efccd86474907e0a0950003ddef",
        "is_verified": false,
        "line_number": 52,
        "is_secret": false
      }
    ],
    "docs/milestone7/benchmarks/outage.json": [
      {
        "type": "Hex High Entropy String",
        "filename": "docs/milestone7/benchmarks/outage.json",
        "hashed_secret": "84a02ada7c295aa17785bf282a84f0b7836c3554",
        "is_verified": false,
        "line_number": 21,
        "is_secret": false
      },
      {
        "type": "Hex High Entropy String",
        "filename": "docs/milestone7/benchmarks/outage.json",
        "hashed_secret": "0afb2dfa6d383efccd86474907e0a0950003ddef",
        "is_verified": false,
        "line_number": 42,
        "is_secret": false
      }
    ],
    "docs/milestone7/benchmarks/restart.json": [
      {
        "type": "Hex High Entropy String",
        "filename": "docs/milestone7/benchmarks/restart.json",
        "hashed_secret": "84a02ada7c295aa17785bf282a84f0b7836c3554",
        "is_verified": false,
        "line_number": 21,
        "is_secret": false
      },
      {
        "type": "Hex High Entropy String",
        "filename": "docs/milestone7/benchmarks/restart.json",
        "hashed_secret": "0afb2dfa6d383efccd86474907e0a0950003ddef",
        "is_verified": false,
        "line_number": 42,
        "is_secret": false
      }
    ],
    "docs/milestone7/benchmarks/warm-threaded.json": [
      {
        "type": "Hex High Entropy String",
        "filename": "docs/milestone7/benchmarks/warm-threaded.json",
        "hashed_secret": "17acb857428c3b09fd387cbad2aa8c0e9871aa36",
        "is_verified": false,
        "line_number": 24,
        "is_secret": false
      },
      {
        "type": "Hex High Entropy String",
        "filename": "docs/milestone7/benchmarks/warm-threaded.json",
        "hashed_secret": "0afb2dfa6d383efccd86474907e0a0950003ddef",
        "is_verified": false,
        "line_number": 45,
        "is_secret": false
      }
    ],
    "docs/milestone7/benchmarks/warm.json": [
      {
        "type": "Hex High Entropy String",
        "filename": "docs/milestone7/benchmarks/warm.json",
        "hashed_secret": "84a02ada7c295aa17785bf282a84f0b7836c3554",
        "is_verified": false,
        "line_number": 24,
        "is_secret": false
      },
      {
        "type": "Hex High Entropy String",
        "filename": "docs/milestone7/benchmarks/warm.json",
        "hashed_secret": "0afb2dfa6d383efccd86474907e0a0950003ddef",
        "is_verified": false,
        "line_number": 45,
        "is_secret": false
      }
    ],
    "docs/milestone7/performance-milestone7-dashboard.md": [
      {
        "type": "Hex High Entropy String",
        "filename": "docs/milestone7/performance-milestone7-dashboard.md",
        "hashed_secret": "4f5c0bff6475c46fee9e3af869d01ae968996f1d",
        "is_verified": false,
        "line_number": 36,
        "is_secret": false
      }
    ]
  },
  "generated_at": "2026-10-10T11:12:59Z"
}
